[00:01:43] [Server thread/INFO]: mechajuan3 lost connection: Disconnected
[00:01:43] [Server thread/INFO]: mechajuan3 left the game
[00:03:51] [User Authenticator #10/INFO]: UUID of player _TaeV_ is 895f9bd5-5573-3693-a081-493db59ea955
[00:03:52] [Server thread/INFO]: _TaeV_ joined the game
[00:03:52] [Server thread/INFO]: _TaeV_[/127.151.148.217:45869] logged in with entity id 43680 at ([world]2848.5619553579922, 33.0, 3065.5767392501166)
[00:04:06] [Async Chat Thread - #1/INFO]: [Not Secure] <_TaeV_> voy a estar calladito pe
[00:04:16] [Async Chat Thread - #2/INFO]: [Not Secure] <elguatavo7u7159> OK PE
[00:04:28] [Async Chat Thread - #1/INFO]: [Not Secure] <_TaeV_> ta bonito
[00:04:36] [Async Chat Thread - #1/INFO]: [Not Secure] <elguatavo7u7159> ENTAMOS MUDANDO PE
[00:04:42] [Async Chat Thread - #1/INFO]: [Not Secure] <_TaeV_> xd
[00:04:45] [Async Chat Thread - #1/INFO]: [Not Secure] <_TaeV_> es tu casa?
[00:05:13] [Async Chat Thread - #1/INFO]: [Not Secure] <_TaeV_> pense que era la parte para todos
[00:05:33] [Async Chat Thread - #1/INFO]: [Not Secure] <elguatavo7u7159> si es pa todos pe
[00:09:20] [Async Chat Thread - #3/INFO]: [Not Secure] <MrCreeper1> zzz
[00:09:33] [Server thread/INFO]: elguatavo7u7159 lost connection: Disconnected
[00:09:33] [Server thread/INFO]: elguatavo7u7159 left the game
[00:09:46] [User Authenticator #11/INFO]: UUID of player elguatavo7u7159 is 75b572fc-aa06-364a-9011-97912a77ff25
[00:09:47] [Server thread/INFO]: elguatavo7u7159 joined the game
[00:09:47] [Server thread/INFO]: elguatavo7u7159[/127.33.110.44:52863] logged in with entity id 47278 at ([world]2862.4670540173383, 38.0, 3039.0612225512473)
[00:09:48] [Async Chat Thread - #4/INFO]: [Not Secure] <MrCreeper1> zzz
[00:09:50] [Async Chat Thread - #4/INFO]: [Not Secure] <ThiaguitoOwO2021> DUERMAAN :V
[00:10:02] [Server thread/INFO]: ThiaguitoOwO2021 lost connection: Disconnected
[00:10:02] [Server thread/INFO]: ThiaguitoOwO2021 left the game
[00:10:42] [User Authenticator #11/INFO]: UUID of player ThiaguitoOwO2021 is af141437-727c-30fc-9a69-1a126a779720
[00:10:43] [Server thread/INFO]: ThiaguitoOwO2021 joined the game
[00:10:43] [Server thread/INFO]: ThiaguitoOwO2021[/127.36.229.155:38313] logged in with entity id 47506 at ([world]2507.532878603959, 89.0, 3008.9792360101774)
